{
    "Rastair Call conversion calls": {
        "content": [
            [
                [
                    {
                        "id": "test"
                    },
                    "test.rastair_call.txt:md5,7508cfdd0045c688f82e4cb4f1d37373"
                ]
            ],
            [
                "versions.yml:md5,f30c6afb2c776f0dd9830769a10b667d"
            ]
        ],
        "meta": {
            "nf-test": "0.9.0",
            "nextflow": "24.10.5"
        },
        "timestamp": "2025-08-26T13:20:12.548689"
    }
}